// Jest Snapshot v1, https://goo.gl/fbAQLP

exports[`<BlinkText /> should not render the BlinkText on mobile 1`] = `
.c0 {
  display: -webkit-box;
  display: -webkit-flex;
  display: -ms-flexbox;
  display: flex;
  -webkit-align-items: center;
  -webkit-box-align: center;
  -ms-flex-align: center;
  align-items: center;
  -webkit-box-pack: center;
  -webkit-justify-content: center;
  -ms-flex-pack: center;
  justify-content: center;
  padding: 0 0 40px;
  width: 100%;
}

.c1.c1 {
  -webkit-align-self: center;
  -ms-flex-item-align: center;
  align-self: center;
  -webkit-animation: iCyueR 1500ms steps(40) infinite normal,kxrAqI 2s steps(40) 1s normal both;
  animation: iCyueR 1500ms steps(40) infinite normal,kxrAqI 2s steps(40) 1s normal both;
  border-right: 2px solid rgba(255,255,255,0.75);
  display: inline-block;
  font-family: Special Elite;
  -webkit-box-pack: center;
  -webkit-justify-content: center;
  -ms-flex-pack: center;
  justify-content: center;
  margin: 1rem auto;
  overflow: hidden;
  white-space: nowrap;
  text-align: center;
}

@media (max-width:920px) {

}

@media (max-width:920px) {

}

@media (max-width:920px) {
  .c0 {
    display: none;
  }
}

@media (max-width:920px) {
  .c1.c1 {
    -webkit-animation: none;
    animation: none;
  }
}

<div
  class="c0"
>
  <h1
    class="c1"
  >
    Bem vindo ao meu blog front-end!
  </h1>
</div>
`;
